// Jest Snapshot v1, https://goo.gl/fbAQLP

exports[`renders correctly 1`] = `
Object {
  "asFragment": [Function],
  "baseElement": <body>
    <div>
      <div
        class="MuiBox-root css-2fq601"
      >
        <div
          class="MuiBox-root css-1tyndxa"
        >
          <div
            class="MuiGrid-root MuiGrid-item MuiGrid-grid-xs-12 css-1ghubsf-MuiGrid-root"
          >
            <h3
              class="MuiTypography-root MuiTypography-h3 css-186vv5z-MuiTypography-root"
            >
              Generazione API Key
            </h3>
          </div>
          <div
            class="MuiGrid-root MuiGrid-item MuiGrid-grid-xs-12 css-1f2ki9v-MuiGrid-root"
          >
            <p
              class="MuiTypography-root MuiTypography-body1 MuiTypography-alignCenter css-193wdv1-MuiTypography-root"
            >
              Inserisci le informazioni per generare la coppia di chiavi
            </p>
          </div>
        </div>
        <div
          class="MuiBox-root css-z0jhbm"
        >
          <div
            class="MuiPaper-root MuiPaper-elevation MuiPaper-rounded MuiPaper-elevation8 css-dyxyz-MuiPaper-root"
          >
            <div
              class="MuiGrid-root MuiGrid-item MuiGrid-grid-xs-12 css-hh8la8-MuiGrid-root"
            >
              <form>
                <div
                  class="MuiFormControl-root css-1w4pe55-MuiFormControl-root"
                >
                  <label
                    class="MuiInputLabel-root MuiInputLabel-formControl MuiInputLabel-animated MuiInputLabel-outlined MuiFormLabel-root MuiFormLabel-colorPrimary css-10nkhfy-MuiFormLabel-root-MuiInputLabel-root"
                    data-shrink="false"
                    id="select-label-products"
                  >
                    addApiKeyPage.addForm.product.title
                  </label>
                  <div
                    aria-label="user"
                    class="MuiOutlinedInput-root MuiInputBase-root MuiInputBase-colorPrimary MuiInputBase-fullWidth MuiInputBase-formControl css-i29xuw-MuiInputBase-root-MuiOutlinedInput-root"
                    variant="outlined"
                  >
                    <div
                      aria-expanded="false"
                      aria-haspopup="listbox"
                      aria-labelledby="select-label-products mui-component-select-products"
                      class="MuiSelect-select MuiSelect-outlined MuiOutlinedInput-input MuiInputBase-input css-12l43fo-MuiSelect-select-MuiInputBase-input-MuiOutlinedInput-input"
                      id="mui-component-select-products"
                      role="button"
                      tabindex="0"
                    >
                      <span
                        class="notranslate"
                      >
                        ​
                      </span>
                    </div>
                    <input
                      aria-hidden="true"
                      class="MuiSelect-nativeInput css-yf8vq0-MuiSelect-nativeInput"
                      name="products"
                      tabindex="-1"
                      value=""
                    />
                    <svg
                      aria-hidden="true"
                      class="MuiSvgIcon-root MuiSvgIcon-fontSizeMedium MuiSelect-icon MuiSelect-iconOutlined css-6e95jt-MuiSvgIcon-root-MuiSelect-icon"
                      data-testid="ArrowDropDownIcon"
                      focusable="false"
                      viewBox="0 0 24 24"
                    >
                      <path
                        d="M7 10l5 5 5-5z"
                      />
                    </svg>
                    <fieldset
                      aria-hidden="true"
                      class="MuiOutlinedInput-notchedOutline css-1d3z3hw-MuiOutlinedInput-notchedOutline"
                    >
                      <legend
                        class="css-1ftyaf0"
                      >
                        <span>
                          addApiKeyPage.addForm.product.title
                        </span>
                      </legend>
                    </fieldset>
                  </div>
                </div>
              </form>
            </div>
          </div>
        </div>
        <div
          class="css-rxkzdk-MuiStack-root"
        >
          <div
            class="css-umjgix-MuiStack-root"
          >
            <button
              class="MuiButton-root MuiButton-outlined MuiButton-outlinedPrimary MuiButton-sizeMedium MuiButton-outlinedSizeMedium MuiButton-disableElevation MuiButtonBase-root  css-19ja3ml-MuiButtonBase-root-MuiButton-root"
              tabindex="0"
              type="button"
            >
              addApiKeyPage.addForm.backButton
              <span
                class="MuiTouchRipple-root css-8je8zh-MuiTouchRipple-root"
              />
            </button>
          </div>
          <div
            class="css-xgs359-MuiStack-root"
          >
            <button
              class="MuiButton-root MuiButton-contained MuiButton-containedPrimary MuiButton-sizeMedium MuiButton-containedSizeMedium MuiButton-disableElevation MuiButtonBase-root Mui-disabled  css-1ft2xoq-MuiButtonBase-root-MuiButton-root"
              disabled=""
              tabindex="-1"
              type="button"
            >
              addApiKeyPage.addForm.continueButton
            </button>
          </div>
        </div>
      </div>
    </div>
  </body>,
  "container": <div>
    <div
      class="MuiBox-root css-2fq601"
    >
      <div
        class="MuiBox-root css-1tyndxa"
      >
        <div
          class="MuiGrid-root MuiGrid-item MuiGrid-grid-xs-12 css-1ghubsf-MuiGrid-root"
        >
          <h3
            class="MuiTypography-root MuiTypography-h3 css-186vv5z-MuiTypography-root"
          >
            Generazione API Key
          </h3>
        </div>
        <div
          class="MuiGrid-root MuiGrid-item MuiGrid-grid-xs-12 css-1f2ki9v-MuiGrid-root"
        >
          <p
            class="MuiTypography-root MuiTypography-body1 MuiTypography-alignCenter css-193wdv1-MuiTypography-root"
          >
            Inserisci le informazioni per generare la coppia di chiavi
          </p>
        </div>
      </div>
      <div
        class="MuiBox-root css-z0jhbm"
      >
        <div
          class="MuiPaper-root MuiPaper-elevation MuiPaper-rounded MuiPaper-elevation8 css-dyxyz-MuiPaper-root"
        >
          <div
            class="MuiGrid-root MuiGrid-item MuiGrid-grid-xs-12 css-hh8la8-MuiGrid-root"
          >
            <form>
              <div
                class="MuiFormControl-root css-1w4pe55-MuiFormControl-root"
              >
                <label
                  class="MuiInputLabel-root MuiInputLabel-formControl MuiInputLabel-animated MuiInputLabel-outlined MuiFormLabel-root MuiFormLabel-colorPrimary css-10nkhfy-MuiFormLabel-root-MuiInputLabel-root"
                  data-shrink="false"
                  id="select-label-products"
                >
                  addApiKeyPage.addForm.product.title
                </label>
                <div
                  aria-label="user"
                  class="MuiOutlinedInput-root MuiInputBase-root MuiInputBase-colorPrimary MuiInputBase-fullWidth MuiInputBase-formControl css-i29xuw-MuiInputBase-root-MuiOutlinedInput-root"
                  variant="outlined"
                >
                  <div
                    aria-expanded="false"
                    aria-haspopup="listbox"
                    aria-labelledby="select-label-products mui-component-select-products"
                    class="MuiSelect-select MuiSelect-outlined MuiOutlinedInput-input MuiInputBase-input css-12l43fo-MuiSelect-select-MuiInputBase-input-MuiOutlinedInput-input"
                    id="mui-component-select-products"
                    role="button"
                    tabindex="0"
                  >
                    <span
                      class="notranslate"
                    >
                      ​
                    </span>
                  </div>
                  <input
                    aria-hidden="true"
                    class="MuiSelect-nativeInput css-yf8vq0-MuiSelect-nativeInput"
                    name="products"
                    tabindex="-1"
                    value=""
                  />
                  <svg
                    aria-hidden="true"
                    class="MuiSvgIcon-root MuiSvgIcon-fontSizeMedium MuiSelect-icon MuiSelect-iconOutlined css-6e95jt-MuiSvgIcon-root-MuiSelect-icon"
                    data-testid="ArrowDropDownIcon"
                    focusable="false"
                    viewBox="0 0 24 24"
                  >
                    <path
                      d="M7 10l5 5 5-5z"
                    />
                  </svg>
                  <fieldset
                    aria-hidden="true"
                    class="MuiOutlinedInput-notchedOutline css-1d3z3hw-MuiOutlinedInput-notchedOutline"
                  >
                    <legend
                      class="css-1ftyaf0"
                    >
                      <span>
                        addApiKeyPage.addForm.product.title
                      </span>
                    </legend>
                  </fieldset>
                </div>
              </div>
            </form>
          </div>
        </div>
      </div>
      <div
        class="css-rxkzdk-MuiStack-root"
      >
        <div
          class="css-umjgix-MuiStack-root"
        >
          <button
            class="MuiButton-root MuiButton-outlined MuiButton-outlinedPrimary MuiButton-sizeMedium MuiButton-outlinedSizeMedium MuiButton-disableElevation MuiButtonBase-root  css-19ja3ml-MuiButtonBase-root-MuiButton-root"
            tabindex="0"
            type="button"
          >
            addApiKeyPage.addForm.backButton
            <span
              class="MuiTouchRipple-root css-8je8zh-MuiTouchRipple-root"
            />
          </button>
        </div>
        <div
          class="css-xgs359-MuiStack-root"
        >
          <button
            class="MuiButton-root MuiButton-contained MuiButton-containedPrimary MuiButton-sizeMedium MuiButton-containedSizeMedium MuiButton-disableElevation MuiButtonBase-root Mui-disabled  css-1ft2xoq-MuiButtonBase-root-MuiButton-root"
            disabled=""
            tabindex="-1"
            type="button"
          >
            addApiKeyPage.addForm.continueButton
          </button>
        </div>
      </div>
    </div>
  </div>,
  "debug": [Function],
  "findAllByAltText": [Function],
  "findAllByDisplayValue": [Function],
  "findAllByLabelText": [Function],
  "findAllByPlaceholderText": [Function],
  "findAllByRole": [Function],
  "findAllByTestId": [Function],
  "findAllByText": [Function],
  "findAllByTitle": [Function],
  "findByAltText": [Function],
  "findByDisplayValue": [Function],
  "findByLabelText": [Function],
  "findByPlaceholderText": [Function],
  "findByRole": [Function],
  "findByTestId": [Function],
  "findByText": [Function],
  "findByTitle": [Function],
  "getAllByAltText": [Function],
  "getAllByDisplayValue": [Function],
  "getAllByLabelText": [Function],
  "getAllByPlaceholderText": [Function],
  "getAllByRole": [Function],
  "getAllByTestId": [Function],
  "getAllByText": [Function],
  "getAllByTitle": [Function],
  "getByAltText": [Function],
  "getByDisplayValue": [Function],
  "getByLabelText": [Function],
  "getByPlaceholderText": [Function],
  "getByRole": [Function],
  "getByTestId": [Function],
  "getByText": [Function],
  "getByTitle": [Function],
  "queryAllByAltText": [Function],
  "queryAllByDisplayValue": [Function],
  "queryAllByLabelText": [Function],
  "queryAllByPlaceholderText": [Function],
  "queryAllByRole": [Function],
  "queryAllByTestId": [Function],
  "queryAllByText": [Function],
  "queryAllByTitle": [Function],
  "queryByAltText": [Function],
  "queryByDisplayValue": [Function],
  "queryByLabelText": [Function],
  "queryByPlaceholderText": [Function],
  "queryByRole": [Function],
  "queryByTestId": [Function],
  "queryByText": [Function],
  "queryByTitle": [Function],
  "rerender": [Function],
  "unmount": [Function],
}
`;
