// Jest Snapshot v1, https://goo.gl/fbAQLP

exports[`<AddEditCommissionPackageForm /> match the snapshot 1`] = `
Array [
  <div
    className="MuiPaper-root MuiPaper-elevation MuiPaper-rounded MuiPaper-elevation0 css-xezz6f-MuiPaper-root"
  >
    <h6
      className="MuiTypography-root MuiTypography-h6 css-6xok1n-MuiTypography-root"
    >
      commissionPackagesPage.addEditCommissionPackage.form.packageType
    </h6>
    <div
      className="MuiFormControl-root css-1nrlq1o-MuiFormControl-root"
    >
      <div
        className="MuiFormGroup-root MuiFormGroup-row css-qfz70r-MuiFormGroup-root"
        data-testid="package-type-test"
        role="radiogroup"
      >
        <label
          className="MuiFormControlLabel-root MuiFormControlLabel-labelPlacementEnd css-eyo0cw-MuiFormControlLabel-root"
        >
          <span
            className="MuiRadio-root MuiRadio-colorPrimary MuiButtonBase-root MuiRadio-root MuiRadio-colorPrimary PrivateSwitchBase-root css-13m4cyw-MuiButtonBase-root-MuiRadio-root"
            onBlur={[Function]}
            onContextMenu={[Function]}
            onDragLeave={[Function]}
            onFocus={[Function]}
            onKeyDown={[Function]}
            onKeyUp={[Function]}
            onMouseDown={[Function]}
            onMouseLeave={[Function]}
            onMouseUp={[Function]}
            onTouchEnd={[Function]}
            onTouchMove={[Function]}
            onTouchStart={[Function]}
            tabIndex={null}
          >
            <input
              checked={false}
              className="PrivateSwitchBase-input css-1m9pwf3"
              disabled={false}
              name="type"
              onChange={[Function]}
              type="radio"
              value="GLOBAL"
            />
            <span
              className="css-hyxlzm"
            >
              <svg
                aria-hidden={true}
                className="MuiSvgIcon-root MuiSvgIcon-fontSizeMedium css-1ae958b-MuiSvgIcon-root"
                data-testid="RadioButtonUncheckedIcon"
                focusable="false"
                viewBox="0 0 24 24"
              >
                <path
                  d="M12 2C6.48 2 2 6.48 2 12s4.48 10 10 10 10-4.48 10-10S17.52 2 12 2zm0 18c-4.42 0-8-3.58-8-8s3.58-8 8-8 8 3.58 8 8-3.58 8-8 8z"
                />
              </svg>
              <svg
                aria-hidden={true}
                className="MuiSvgIcon-root MuiSvgIcon-fontSizeMedium css-6oje6m-MuiSvgIcon-root"
                data-testid="RadioButtonCheckedIcon"
                focusable="false"
                viewBox="0 0 24 24"
              >
                <path
                  d="M8.465 8.465C9.37 7.56 10.62 7 12 7C14.76 7 17 9.24 17 12C17 13.38 16.44 14.63 15.535 15.535C14.63 16.44 13.38 17 12 17C9.24 17 7 14.76 7 12C7 10.62 7.56 9.37 8.465 8.465Z"
                />
              </svg>
            </span>
            <span
              className="MuiTouchRipple-root css-8je8zh-MuiTouchRipple-root"
            />
          </span>
          <span
            className="MuiTypography-root MuiTypography-body1 MuiFormControlLabel-label css-11o4oo8-MuiTypography-root"
          >
            commissionPackagesPage.addEditCommissionPackage.form.globalPackage
          </span>
        </label>
        <label
          className="MuiFormControlLabel-root MuiFormControlLabel-labelPlacementEnd css-eyo0cw-MuiFormControlLabel-root"
        >
          <span
            className="MuiRadio-root MuiRadio-colorPrimary MuiButtonBase-root MuiRadio-root MuiRadio-colorPrimary PrivateSwitchBase-root css-13m4cyw-MuiButtonBase-root-MuiRadio-root"
            onBlur={[Function]}
            onContextMenu={[Function]}
            onDragLeave={[Function]}
            onFocus={[Function]}
            onKeyDown={[Function]}
            onKeyUp={[Function]}
            onMouseDown={[Function]}
            onMouseLeave={[Function]}
            onMouseUp={[Function]}
            onTouchEnd={[Function]}
            onTouchMove={[Function]}
            onTouchStart={[Function]}
            tabIndex={null}
          >
            <input
              checked={false}
              className="PrivateSwitchBase-input css-1m9pwf3"
              disabled={false}
              name="type"
              onChange={[Function]}
              type="radio"
              value="PUBLIC"
            />
            <span
              className="css-hyxlzm"
            >
              <svg
                aria-hidden={true}
                className="MuiSvgIcon-root MuiSvgIcon-fontSizeMedium css-1ae958b-MuiSvgIcon-root"
                data-testid="RadioButtonUncheckedIcon"
                focusable="false"
                viewBox="0 0 24 24"
              >
                <path
                  d="M12 2C6.48 2 2 6.48 2 12s4.48 10 10 10 10-4.48 10-10S17.52 2 12 2zm0 18c-4.42 0-8-3.58-8-8s3.58-8 8-8 8 3.58 8 8-3.58 8-8 8z"
                />
              </svg>
              <svg
                aria-hidden={true}
                className="MuiSvgIcon-root MuiSvgIcon-fontSizeMedium css-6oje6m-MuiSvgIcon-root"
                data-testid="RadioButtonCheckedIcon"
                focusable="false"
                viewBox="0 0 24 24"
              >
                <path
                  d="M8.465 8.465C9.37 7.56 10.62 7 12 7C14.76 7 17 9.24 17 12C17 13.38 16.44 14.63 15.535 15.535C14.63 16.44 13.38 17 12 17C9.24 17 7 14.76 7 12C7 10.62 7.56 9.37 8.465 8.465Z"
                />
              </svg>
            </span>
            <span
              className="MuiTouchRipple-root css-8je8zh-MuiTouchRipple-root"
            />
          </span>
          <span
            className="MuiTypography-root MuiTypography-body1 MuiFormControlLabel-label css-11o4oo8-MuiTypography-root"
          >
            commissionPackagesPage.addEditCommissionPackage.form.publicPackage
          </span>
        </label>
        <label
          className="MuiFormControlLabel-root MuiFormControlLabel-labelPlacementEnd css-1mla0as-MuiFormControlLabel-root"
        >
          <span
            className="MuiRadio-root MuiRadio-colorPrimary MuiButtonBase-root MuiRadio-root MuiRadio-colorPrimary PrivateSwitchBase-root css-13m4cyw-MuiButtonBase-root-MuiRadio-root"
            onBlur={[Function]}
            onContextMenu={[Function]}
            onDragLeave={[Function]}
            onFocus={[Function]}
            onKeyDown={[Function]}
            onKeyUp={[Function]}
            onMouseDown={[Function]}
            onMouseLeave={[Function]}
            onMouseUp={[Function]}
            onTouchEnd={[Function]}
            onTouchMove={[Function]}
            onTouchStart={[Function]}
            tabIndex={null}
          >
            <input
              checked={false}
              className="PrivateSwitchBase-input css-1m9pwf3"
              disabled={false}
              name="type"
              onChange={[Function]}
              type="radio"
              value="PRIVATE"
            />
            <span
              className="css-hyxlzm"
            >
              <svg
                aria-hidden={true}
                className="MuiSvgIcon-root MuiSvgIcon-fontSizeMedium css-1ae958b-MuiSvgIcon-root"
                data-testid="RadioButtonUncheckedIcon"
                focusable="false"
                viewBox="0 0 24 24"
              >
                <path
                  d="M12 2C6.48 2 2 6.48 2 12s4.48 10 10 10 10-4.48 10-10S17.52 2 12 2zm0 18c-4.42 0-8-3.58-8-8s3.58-8 8-8 8 3.58 8 8-3.58 8-8 8z"
                />
              </svg>
              <svg
                aria-hidden={true}
                className="MuiSvgIcon-root MuiSvgIcon-fontSizeMedium css-6oje6m-MuiSvgIcon-root"
                data-testid="RadioButtonCheckedIcon"
                focusable="false"
                viewBox="0 0 24 24"
              >
                <path
                  d="M8.465 8.465C9.37 7.56 10.62 7 12 7C14.76 7 17 9.24 17 12C17 13.38 16.44 14.63 15.535 15.535C14.63 16.44 13.38 17 12 17C9.24 17 7 14.76 7 12C7 10.62 7.56 9.37 8.465 8.465Z"
                />
              </svg>
            </span>
            <span
              className="MuiTouchRipple-root css-8je8zh-MuiTouchRipple-root"
            />
          </span>
          <span
            className="MuiTypography-root MuiTypography-body1 MuiFormControlLabel-label css-11o4oo8-MuiTypography-root"
          >
            commissionPackagesPage.addEditCommissionPackage.form.privatePackage
          </span>
        </label>
      </div>
    </div>
  </div>,
  <div
    className="MuiPaper-root MuiPaper-elevation MuiPaper-rounded MuiPaper-elevation0 css-xezz6f-MuiPaper-root"
  >
    <h6
      className="MuiTypography-root MuiTypography-h6 css-6xok1n-MuiTypography-root"
    >
      commissionPackagesPage.addEditCommissionPackage.form.packageConfiguration
    </h6>
    <div
      className="MuiBox-root css-0"
    >
      <div
        className="MuiBox-root css-gc0vso"
      >
        <div
          className="css-1hkttla-MuiStack-root"
        >
          <svg
            aria-hidden={true}
            className="MuiSvgIcon-root MuiSvgIcon-fontSizeMedium css-1jxdcj3-MuiSvgIcon-root"
            data-testid="MenuBookIcon"
            focusable="false"
            viewBox="0 0 24 24"
          >
            <path
              d="M21 5c-1.11-.35-2.33-.5-3.5-.5-1.95 0-4.05.4-5.5 1.5-1.45-1.1-3.55-1.5-5.5-1.5S2.45 4.9 1 6v14.65c0 .25.25.5.5.5.1 0 .15-.05.25-.05C3.1 20.45 5.05 20 6.5 20c1.95 0 4.05.4 5.5 1.5 1.35-.85 3.8-1.5 5.5-1.5 1.65 0 3.35.3 4.75 1.05.1.05.15.05.25.05.25 0 .5-.25.5-.5V6c-.6-.45-1.25-.75-2-1zm0 13.5c-1.1-.35-2.3-.5-3.5-.5-1.7 0-4.15.65-5.5 1.5V8c1.35-.85 3.8-1.5 5.5-1.5 1.2 0 2.4.15 3.5.5v11.5z"
            />
            <path
              d="M17.5 10.5c.88 0 1.73.09 2.5.26V9.24c-.79-.15-1.64-.24-2.5-.24-1.7 0-3.24.29-4.5.83v1.66c1.13-.64 2.7-.99 4.5-.99zM13 12.49v1.66c1.13-.64 2.7-.99 4.5-.99.88 0 1.73.09 2.5.26V11.9c-.79-.15-1.64-.24-2.5-.24-1.7 0-3.24.3-4.5.83zm4.5 1.84c-1.7 0-3.24.29-4.5.83v1.66c1.13-.64 2.7-.99 4.5-.99.88 0 1.73.09 2.5.26v-1.52c-.79-.16-1.64-.24-2.5-.24z"
            />
          </svg>
          <p
            className="MuiTypography-root MuiTypography-body1 css-15qkxzc-MuiTypography-root"
          >
            commissionPackagesPage.addEditCommissionPackage.form.packageStructure
          </p>
          
        </div>
        <div
          className="MuiGrid-root MuiGrid-container MuiGrid-spacing-xs-2 css-5sfu98-MuiGrid-root"
        >
          <div
            className="MuiGrid-root MuiGrid-item MuiGrid-grid-xs-6 css-4b6clp-MuiGrid-root"
          >
            <div
              className="MuiFormControl-root MuiFormControl-fullWidth MuiTextField-root css-wb57ya-MuiFormControl-root-MuiTextField-root"
            >
              <label
                className="MuiInputLabel-root MuiInputLabel-formControl MuiInputLabel-animated MuiInputLabel-sizeSmall MuiInputLabel-outlined MuiFormLabel-root MuiFormLabel-colorPrimary css-gr3956-MuiFormLabel-root-MuiInputLabel-root"
                data-shrink={false}
                htmlFor="name"
                id="name-label"
              >
                commissionPackagesPage.addEditCommissionPackage.form.packageName
              </label>
              <div
                className="MuiOutlinedInput-root MuiInputBase-root MuiInputBase-colorPrimary MuiInputBase-fullWidth MuiInputBase-formControl MuiInputBase-sizeSmall css-i29xuw-MuiInputBase-root-MuiOutlinedInput-root"
                onClick={[Function]}
              >
                <input
                  aria-invalid={false}
                  autoFocus={false}
                  className="MuiOutlinedInput-input MuiInputBase-input MuiInputBase-inputSizeSmall css-n7s6dv-MuiInputBase-input-MuiOutlinedInput-input"
                  data-testid="name-test"
                  disabled={false}
                  id="name"
                  name="name"
                  onAnimationStart={[Function]}
                  onBlur={[Function]}
                  onChange={[Function]}
                  onFocus={[Function]}
                  placeholder="commissionPackagesPage.addEditCommissionPackage.form.packageName"
                  required={false}
                  type="text"
                  value="Pacchetto 1"
                />
                <fieldset
                  aria-hidden={true}
                  className="MuiOutlinedInput-notchedOutline css-1d3z3hw-MuiOutlinedInput-notchedOutline"
                >
                  <legend
                    className="css-1ftyaf0"
                  >
                    <span>
                      commissionPackagesPage.addEditCommissionPackage.form.packageName
                    </span>
                  </legend>
                </fieldset>
              </div>
            </div>
          </div>
          <div
            className="MuiGrid-root MuiGrid-item MuiGrid-grid-xs-6 css-4b6clp-MuiGrid-root"
          >
            <div
              className="MuiFormControl-root MuiFormControl-fullWidth MuiTextField-root css-wb57ya-MuiFormControl-root-MuiTextField-root"
            >
              <label
                className="MuiInputLabel-root MuiInputLabel-formControl MuiInputLabel-animated MuiInputLabel-sizeSmall MuiInputLabel-outlined MuiFormLabel-root MuiFormLabel-colorPrimary css-gr3956-MuiFormLabel-root-MuiInputLabel-root"
                data-shrink={false}
                htmlFor="description"
                id="description-label"
              >
                addEditIbanPage.addForm.fields.iban.description
              </label>
              <div
                className="MuiOutlinedInput-root MuiInputBase-root MuiInputBase-colorPrimary MuiInputBase-fullWidth MuiInputBase-formControl MuiInputBase-sizeSmall css-i29xuw-MuiInputBase-root-MuiOutlinedInput-root"
                onClick={[Function]}
              >
                <input
                  aria-invalid={false}
                  autoFocus={false}
                  className="MuiOutlinedInput-input MuiInputBase-input MuiInputBase-inputSizeSmall css-n7s6dv-MuiInputBase-input-MuiOutlinedInput-input"
                  data-testid="description-test"
                  disabled={false}
                  id="description"
                  name="description"
                  onAnimationStart={[Function]}
                  onBlur={[Function]}
                  onChange={[Function]}
                  onFocus={[Function]}
                  placeholder="commissionPackagesPage.addEditCommissionPackage.form.packageDescription"
                  required={false}
                  type="text"
                  value="Pacchetti commissione"
                />
                <fieldset
                  aria-hidden={true}
                  className="MuiOutlinedInput-notchedOutline css-1d3z3hw-MuiOutlinedInput-notchedOutline"
                >
                  <legend
                    className="css-1ftyaf0"
                  >
                    <span>
                      addEditIbanPage.addForm.fields.iban.description
                    </span>
                  </legend>
                </fieldset>
              </div>
            </div>
          </div>
          <div
            className="MuiGrid-root MuiGrid-item MuiGrid-grid-xs-6 css-4b6clp-MuiGrid-root"
          >
            <div
              className="MuiFormControl-root MuiFormControl-fullWidth css-q8hpuo-MuiFormControl-root"
            >
              <label
                className="MuiInputLabel-root MuiInputLabel-formControl MuiInputLabel-animated MuiInputLabel-sizeSmall MuiInputLabel-outlined MuiFormLabel-root MuiFormLabel-colorPrimary css-gr3956-MuiFormLabel-root-MuiInputLabel-root"
                data-shrink={false}
                size="small"
              >
                commissionPackagesPage.addEditCommissionPackage.form.paymentType
              </label>
              <div
                className="MuiOutlinedInput-root MuiInputBase-root MuiInputBase-colorPrimary Mui-disabled MuiInputBase-formControl MuiInputBase-sizeSmall  css-1yvbmv1-MuiInputBase-root-MuiOutlinedInput-root-MuiSelect-root"
                data-testid="payment-type-test"
                onClick={[Function]}
              >
                <div
                  aria-disabled="true"
                  aria-expanded="false"
                  aria-haspopup="listbox"
                  aria-labelledby="paymentTypeLabel paymentType"
                  className="MuiSelect-select MuiSelect-outlined Mui-disabled MuiOutlinedInput-input MuiInputBase-input Mui-disabled MuiInputBase-inputSizeSmall css-uwa2hn-MuiSelect-select-MuiInputBase-input-MuiOutlinedInput-input"
                  id="paymentType"
                  onBlur={[Function]}
                  onFocus={[Function]}
                  onKeyDown={[Function]}
                  onMouseDown={null}
                  role="button"
                  tabIndex={null}
                >
                  <span
                    className="notranslate"
                  >
                    ​
                  </span>
                </div>
                <input
                  aria-hidden={true}
                  className="MuiSelect-nativeInput css-yf8vq0-MuiSelect-nativeInput"
                  disabled={true}
                  name="paymentType"
                  onAnimationStart={[Function]}
                  onChange={[Function]}
                  placeholder="commissionPackagesPage.addEditCommissionPackage.form.paymentType"
                  required={false}
                  tabIndex={-1}
                  value=""
                />
                <svg
                  aria-hidden={true}
                  className="MuiSvgIcon-root MuiSvgIcon-fontSizeMedium MuiSelect-icon MuiSelect-iconOutlined Mui-disabled css-6e95jt-MuiSvgIcon-root-MuiSelect-icon"
                  data-testid="ArrowDropDownIcon"
                  focusable="false"
                  viewBox="0 0 24 24"
                >
                  <path
                    d="M7 10l5 5 5-5z"
                  />
                </svg>
                <fieldset
                  aria-hidden={true}
                  className="MuiOutlinedInput-notchedOutline css-1d3z3hw-MuiOutlinedInput-notchedOutline"
                >
                  <legend
                    className="css-1ftyaf0"
                  >
                    <span>
                      commissionPackagesPage.addEditCommissionPackage.form.paymentType
                    </span>
                  </legend>
                </fieldset>
              </div>
            </div>
          </div>
          <div
            className="MuiGrid-root MuiGrid-item MuiGrid-grid-xs-6 css-4b6clp-MuiGrid-root"
          >
            <div
              className="MuiFormControl-root MuiFormControl-fullWidth css-q8hpuo-MuiFormControl-root"
            >
              <label
                className="MuiInputLabel-root MuiInputLabel-formControl MuiInputLabel-animated MuiInputLabel-shrink MuiInputLabel-sizeSmall MuiInputLabel-outlined MuiFormLabel-root MuiFormLabel-colorPrimary MuiFormLabel-filled css-4yxafl-MuiFormLabel-root-MuiInputLabel-root"
                data-shrink={true}
                size="small"
              >
                commissionPackagesPage.addEditCommissionPackage.form.touchpoint
              </label>
              <div
                className="MuiOutlinedInput-root MuiInputBase-root MuiInputBase-colorPrimary Mui-disabled MuiInputBase-formControl MuiInputBase-sizeSmall  css-1yvbmv1-MuiInputBase-root-MuiOutlinedInput-root-MuiSelect-root"
                data-testid="touchpoint-test"
                onClick={[Function]}
              >
                <div
                  aria-disabled="true"
                  aria-expanded="false"
                  aria-haspopup="listbox"
                  aria-labelledby="touchpointLabel touchpoint"
                  className="MuiSelect-select MuiSelect-outlined Mui-disabled MuiOutlinedInput-input MuiInputBase-input Mui-disabled MuiInputBase-inputSizeSmall css-uwa2hn-MuiSelect-select-MuiInputBase-input-MuiOutlinedInput-input"
                  id="touchpoint"
                  onBlur={[Function]}
                  onFocus={[Function]}
                  onKeyDown={[Function]}
                  onMouseDown={null}
                  role="button"
                  tabIndex={null}
                >
                  <span
                    className="notranslate"
                  >
                    ​
                  </span>
                </div>
                <input
                  aria-hidden={true}
                  className="MuiSelect-nativeInput css-yf8vq0-MuiSelect-nativeInput"
                  disabled={true}
                  name="touchpoint"
                  onAnimationStart={[Function]}
                  onChange={[Function]}
                  placeholder="commissionPackagesPage.addEditCommissionPackage.form.touchpoint"
                  required={false}
                  tabIndex={-1}
                  value="Tutti"
                />
                <svg
                  aria-hidden={true}
                  className="MuiSvgIcon-root MuiSvgIcon-fontSizeMedium MuiSelect-icon MuiSelect-iconOutlined Mui-disabled css-6e95jt-MuiSvgIcon-root-MuiSelect-icon"
                  data-testid="ArrowDropDownIcon"
                  focusable="false"
                  viewBox="0 0 24 24"
                >
                  <path
                    d="M7 10l5 5 5-5z"
                  />
                </svg>
                <fieldset
                  aria-hidden={true}
                  className="MuiOutlinedInput-notchedOutline css-1d3z3hw-MuiOutlinedInput-notchedOutline"
                >
                  <legend
                    className="css-1in441m"
                  >
                    <span>
                      commissionPackagesPage.addEditCommissionPackage.form.touchpoint
                    </span>
                  </legend>
                </fieldset>
              </div>
            </div>
          </div>
          <div
            className="MuiGrid-root MuiGrid-item MuiGrid-grid-xs-12 css-4iejf4-MuiGrid-root"
          >
            <div
              className="MuiFormControl-root css-1otb2k4-MuiFormControl-root"
            >
              <label
                className="MuiInputLabel-root MuiInputLabel-formControl MuiInputLabel-animated MuiInputLabel-shrink MuiInputLabel-sizeSmall MuiInputLabel-outlined MuiFormLabel-root MuiFormLabel-colorPrimary MuiFormLabel-filled css-4yxafl-MuiFormLabel-root-MuiInputLabel-root"
                data-shrink={true}
                size="small"
              >
                commissionPackagesPage.addEditCommissionPackage.form.taxonomyOfService
              </label>
              <div
                className="MuiOutlinedInput-root MuiInputBase-root MuiInputBase-colorPrimary Mui-disabled MuiInputBase-formControl MuiInputBase-sizeSmall  css-1yvbmv1-MuiInputBase-root-MuiOutlinedInput-root-MuiSelect-root"
                data-testid="transfer-category-list-test"
                onClick={[Function]}
              >
                <div
                  aria-disabled="true"
                  aria-expanded="false"
                  aria-haspopup="listbox"
                  aria-labelledby="transferCategoryList0_label transferCategoryList0_select"
                  className="MuiSelect-select MuiSelect-outlined Mui-disabled MuiOutlinedInput-input MuiInputBase-input Mui-disabled MuiInputBase-inputSizeSmall css-uwa2hn-MuiSelect-select-MuiInputBase-input-MuiOutlinedInput-input"
                  id="transferCategoryList0_select"
                  onBlur={[Function]}
                  onFocus={[Function]}
                  onKeyDown={[Function]}
                  onMouseDown={null}
                  role="button"
                  tabIndex={null}
                >
                  <span
                    className="notranslate"
                  >
                    ​
                  </span>
                </div>
                <input
                  aria-hidden={true}
                  className="MuiSelect-nativeInput css-yf8vq0-MuiSelect-nativeInput"
                  disabled={true}
                  name="transferCategoryList0_name"
                  onAnimationStart={[Function]}
                  onChange={[Function]}
                  placeholder="commissionPackagesPage.addEditCommissionPackage.form.taxonomyOfService"
                  required={false}
                  tabIndex={-1}
                  value="100 - Rendite catastali (ICI, IMU, TUC, ecc.)"
                />
                <svg
                  aria-hidden={true}
                  className="MuiSvgIcon-root MuiSvgIcon-fontSizeMedium MuiSelect-icon MuiSelect-iconOutlined Mui-disabled css-6e95jt-MuiSvgIcon-root-MuiSelect-icon"
                  data-testid="ArrowDropDownIcon"
                  focusable="false"
                  viewBox="0 0 24 24"
                >
                  <path
                    d="M7 10l5 5 5-5z"
                  />
                </svg>
                <fieldset
                  aria-hidden={true}
                  className="MuiOutlinedInput-notchedOutline css-1d3z3hw-MuiOutlinedInput-notchedOutline"
                >
                  <legend
                    className="css-1in441m"
                  >
                    <span>
                      commissionPackagesPage.addEditCommissionPackage.form.taxonomyOfService
                    </span>
                  </legend>
                </fieldset>
              </div>
            </div>
          </div>
        </div>
        <div
          className="MuiGrid-root MuiGrid-container MuiGrid-spacing-xs-2 css-5sfu98-MuiGrid-root"
        >
          <div
            className="MuiGrid-root MuiGrid-item MuiGrid-grid-xs-6 css-4b6clp-MuiGrid-root"
          >
            <button
              className="MuiButton-root MuiButton-naked MuiButton-nakedText MuiButton-sizeMedium MuiButton-nakedSizeMedium MuiButton-disableElevation MuiButtonBase-root  css-1ovrsrj-MuiButtonBase-root-MuiButton-root"
              data-testid="add-taxonomy-test"
              disabled={false}
              onBlur={[Function]}
              onClick={[Function]}
              onContextMenu={[Function]}
              onDragLeave={[Function]}
              onFocus={[Function]}
              onKeyDown={[Function]}
              onKeyUp={[Function]}
              onMouseDown={[Function]}
              onMouseLeave={[Function]}
              onMouseUp={[Function]}
              onTouchEnd={[Function]}
              onTouchMove={[Function]}
              onTouchStart={[Function]}
              tabIndex={0}
              type="button"
            >
              commissionPackagesPage.addEditCommissionPackage.form.addTaxonomy
            </button>
          </div>
        </div>
        <div
          className="MuiGrid-root MuiGrid-container MuiGrid-spacing-xs-2 css-4mk6rv-MuiGrid-root"
        >
          <div
            className="css-1hkttla-MuiStack-root"
          >
            <p
              className="MuiTypography-root MuiTypography-body1 css-15qkxzc-MuiTypography-root"
            >
              commissionPackagesPage.addEditCommissionPackage.form.amountRange
            </p>
            
          </div>
          <div
            className="MuiGrid-root MuiGrid-container MuiGrid-spacing-xs-2 css-10muj7r-MuiGrid-root"
          >
            <div
              className="MuiGrid-root MuiGrid-item MuiGrid-grid-xs-6 css-4b6clp-MuiGrid-root"
            >
              <div
                className="MuiFormControl-root MuiFormControl-fullWidth MuiTextField-root css-wb57ya-MuiFormControl-root-MuiTextField-root"
                inputMode="numeric"
                onKeyDown={[Function]}
                onMouseUp={[Function]}
              >
                <label
                  className="MuiInputLabel-root MuiInputLabel-formControl MuiInputLabel-animated MuiInputLabel-sizeSmall MuiInputLabel-outlined MuiFormLabel-root MuiFormLabel-colorPrimary css-gr3956-MuiFormLabel-root-MuiInputLabel-root"
                  data-shrink={false}
                  htmlFor="minPaymentAmount"
                  id="minPaymentAmount-label"
                >
                  commissionPackagesPage.addEditCommissionPackage.form.minImport
                </label>
                <div
                  className="MuiOutlinedInput-root MuiInputBase-root MuiInputBase-colorPrimary MuiInputBase-fullWidth MuiInputBase-formControl MuiInputBase-sizeSmall MuiInputBase-adornedEnd css-8ym2sy-MuiInputBase-root-MuiOutlinedInput-root"
                  onClick={[Function]}
                >
                  <input
                    aria-invalid={false}
                    autoFocus={false}
                    className="MuiOutlinedInput-input MuiInputBase-input MuiInputBase-inputSizeSmall MuiInputBase-inputAdornedEnd css-uxior2-MuiInputBase-input-MuiOutlinedInput-input"
                    data-testid="min-import-test"
                    disabled={false}
                    id="minPaymentAmount"
                    name="minPaymentAmount"
                    onAnimationStart={[Function]}
                    onBlur={[Function]}
                    onChange={[Function]}
                    onFocus={[Function]}
                    placeholder="commissionPackagesPage.addEditCommissionPackage.form.minImport"
                    required={false}
                    type="text"
                    value="150"
                  />
                  <svg
                    aria-hidden={true}
                    className="MuiSvgIcon-root MuiSvgIcon-fontSizeMedium css-1v39sdv-MuiSvgIcon-root"
                    data-testid="EuroIcon"
                    focusable="false"
                    viewBox="0 0 24 24"
                  >
                    <path
                      d="M15 18.5c-2.51 0-4.68-1.42-5.76-3.5H15l1-2H8.58c-.05-.33-.08-.66-.08-1s.03-.67.08-1H15l1-2H9.24C10.32 6.92 12.5 5.5 15 5.5c1.61 0 3.09.59 4.23 1.57L21 5.3C19.41 3.87 17.3 3 15 3c-3.92 0-7.24 2.51-8.48 6H3l-1 2h4.06c-.04.33-.06.66-.06 1s.02.67.06 1H3l-1 2h4.52c1.24 3.49 4.56 6 8.48 6 2.31 0 4.41-.87 6-2.3l-1.78-1.77c-1.13.98-2.6 1.57-4.22 1.57z"
                    />
                  </svg>
                  <fieldset
                    aria-hidden={true}
                    className="MuiOutlinedInput-notchedOutline css-1d3z3hw-MuiOutlinedInput-notchedOutline"
                  >
                    <legend
                      className="css-1ftyaf0"
                    >
                      <span>
                        commissionPackagesPage.addEditCommissionPackage.form.minImport
                      </span>
                    </legend>
                  </fieldset>
                </div>
              </div>
            </div>
            <div
              className="MuiGrid-root MuiGrid-item MuiGrid-grid-xs-6 css-4b6clp-MuiGrid-root"
            >
              <div
                className="MuiFormControl-root MuiFormControl-fullWidth MuiTextField-root css-wb57ya-MuiFormControl-root-MuiTextField-root"
                inputMode="numeric"
                onKeyDown={[Function]}
                onMouseUp={[Function]}
              >
                <label
                  className="MuiInputLabel-root MuiInputLabel-formControl MuiInputLabel-animated MuiInputLabel-sizeSmall MuiInputLabel-outlined MuiFormLabel-root MuiFormLabel-colorPrimary css-gr3956-MuiFormLabel-root-MuiInputLabel-root"
                  data-shrink={false}
                  htmlFor="maxPaymentAmount"
                  id="maxPaymentAmount-label"
                >
                  commissionPackagesPage.addEditCommissionPackage.form.maxImport
                </label>
                <div
                  className="MuiOutlinedInput-root MuiInputBase-root MuiInputBase-colorPrimary MuiInputBase-fullWidth MuiInputBase-formControl MuiInputBase-sizeSmall MuiInputBase-adornedEnd css-8ym2sy-MuiInputBase-root-MuiOutlinedInput-root"
                  onClick={[Function]}
                >
                  <input
                    aria-invalid={false}
                    autoFocus={false}
                    className="MuiOutlinedInput-input MuiInputBase-input MuiInputBase-inputSizeSmall MuiInputBase-inputAdornedEnd css-uxior2-MuiInputBase-input-MuiOutlinedInput-input"
                    data-testid="max-import-test"
                    disabled={false}
                    id="maxPaymentAmount"
                    name="maxPaymentAmount"
                    onAnimationStart={[Function]}
                    onBlur={[Function]}
                    onChange={[Function]}
                    onFocus={[Function]}
                    placeholder="commissionPackagesPage.addEditCommissionPackage.form.maxImport"
                    required={false}
                    type="text"
                    value="1500"
                  />
                  <svg
                    aria-hidden={true}
                    className="MuiSvgIcon-root MuiSvgIcon-fontSizeMedium css-1v39sdv-MuiSvgIcon-root"
                    data-testid="EuroIcon"
                    focusable="false"
                    viewBox="0 0 24 24"
                  >
                    <path
                      d="M15 18.5c-2.51 0-4.68-1.42-5.76-3.5H15l1-2H8.58c-.05-.33-.08-.66-.08-1s.03-.67.08-1H15l1-2H9.24C10.32 6.92 12.5 5.5 15 5.5c1.61 0 3.09.59 4.23 1.57L21 5.3C19.41 3.87 17.3 3 15 3c-3.92 0-7.24 2.51-8.48 6H3l-1 2h4.06c-.04.33-.06.66-.06 1s.02.67.06 1H3l-1 2h4.52c1.24 3.49 4.56 6 8.48 6 2.31 0 4.41-.87 6-2.3l-1.78-1.77c-1.13.98-2.6 1.57-4.22 1.57z"
                    />
                  </svg>
                  <fieldset
                    aria-hidden={true}
                    className="MuiOutlinedInput-notchedOutline css-1d3z3hw-MuiOutlinedInput-notchedOutline"
                  >
                    <legend
                      className="css-1ftyaf0"
                    >
                      <span>
                        commissionPackagesPage.addEditCommissionPackage.form.maxImport
                      </span>
                    </legend>
                  </fieldset>
                </div>
              </div>
            </div>
          </div>
        </div>
        <div
          className="MuiGrid-root MuiGrid-container MuiGrid-spacing-xs-2 css-4mk6rv-MuiGrid-root"
        >
          <div
            className="css-1hkttla-MuiStack-root"
          >
            <p
              className="MuiTypography-root MuiTypography-body1 css-15qkxzc-MuiTypography-root"
            >
              commissionPackagesPage.addEditCommissionPackage.form.commission
            </p>
            
          </div>
          <div
            className="MuiGrid-root MuiGrid-container MuiGrid-spacing-xs-2 css-10muj7r-MuiGrid-root"
          >
            <div
              className="MuiGrid-root MuiGrid-item MuiGrid-grid-xs-6 css-4b6clp-MuiGrid-root"
            >
              <div
                className="MuiFormControl-root MuiFormControl-fullWidth MuiTextField-root css-wb57ya-MuiFormControl-root-MuiTextField-root"
                inputMode="numeric"
                onKeyDown={[Function]}
                onMouseUp={[Function]}
              >
                <label
                  className="MuiInputLabel-root MuiInputLabel-formControl MuiInputLabel-animated MuiInputLabel-sizeSmall MuiInputLabel-outlined MuiFormLabel-root MuiFormLabel-colorPrimary css-gr3956-MuiFormLabel-root-MuiInputLabel-root"
                  data-shrink={false}
                  htmlFor="paymentAmount"
                  id="paymentAmount-label"
                >
                  commissionPackagesPage.addEditCommissionPackage.form.feeApplied
                </label>
                <div
                  className="MuiOutlinedInput-root MuiInputBase-root MuiInputBase-colorPrimary MuiInputBase-fullWidth MuiInputBase-formControl MuiInputBase-sizeSmall MuiInputBase-adornedEnd css-8ym2sy-MuiInputBase-root-MuiOutlinedInput-root"
                  onClick={[Function]}
                >
                  <input
                    aria-invalid={false}
                    autoFocus={false}
                    className="MuiOutlinedInput-input MuiInputBase-input MuiInputBase-inputSizeSmall MuiInputBase-inputAdornedEnd css-uxior2-MuiInputBase-input-MuiOutlinedInput-input"
                    data-testid="payment-amount-test"
                    disabled={false}
                    id="paymentAmount"
                    name="paymentAmount"
                    onAnimationStart={[Function]}
                    onBlur={[Function]}
                    onChange={[Function]}
                    onFocus={[Function]}
                    placeholder="commissionPackagesPage.addEditCommissionPackage.form.feeApplied"
                    required={false}
                    type="text"
                    value="10"
                  />
                  <svg
                    aria-hidden={true}
                    className="MuiSvgIcon-root MuiSvgIcon-fontSizeMedium css-1v39sdv-MuiSvgIcon-root"
                    data-testid="EuroIcon"
                    focusable="false"
                    viewBox="0 0 24 24"
                  >
                    <path
                      d="M15 18.5c-2.51 0-4.68-1.42-5.76-3.5H15l1-2H8.58c-.05-.33-.08-.66-.08-1s.03-.67.08-1H15l1-2H9.24C10.32 6.92 12.5 5.5 15 5.5c1.61 0 3.09.59 4.23 1.57L21 5.3C19.41 3.87 17.3 3 15 3c-3.92 0-7.24 2.51-8.48 6H3l-1 2h4.06c-.04.33-.06.66-.06 1s.02.67.06 1H3l-1 2h4.52c1.24 3.49 4.56 6 8.48 6 2.31 0 4.41-.87 6-2.3l-1.78-1.77c-1.13.98-2.6 1.57-4.22 1.57z"
                    />
                  </svg>
                  <fieldset
                    aria-hidden={true}
                    className="MuiOutlinedInput-notchedOutline css-1d3z3hw-MuiOutlinedInput-notchedOutline"
                  >
                    <legend
                      className="css-1ftyaf0"
                    >
                      <span>
                        commissionPackagesPage.addEditCommissionPackage.form.feeApplied
                      </span>
                    </legend>
                  </fieldset>
                </div>
              </div>
            </div>
          </div>
        </div>
      </div>
      <div
        className="MuiBox-root css-gc0vso"
      >
        <div
          className="css-1hkttla-MuiStack-root"
        >
          <svg
            aria-hidden={true}
            className="MuiSvgIcon-root MuiSvgIcon-fontSizeMedium css-1jxdcj3-MuiSvgIcon-root"
            data-testid="MenuBookIcon"
            focusable="false"
            viewBox="0 0 24 24"
          >
            <path
              d="M21 5c-1.11-.35-2.33-.5-3.5-.5-1.95 0-4.05.4-5.5 1.5-1.45-1.1-3.55-1.5-5.5-1.5S2.45 4.9 1 6v14.65c0 .25.25.5.5.5.1 0 .15-.05.25-.05C3.1 20.45 5.05 20 6.5 20c1.95 0 4.05.4 5.5 1.5 1.35-.85 3.8-1.5 5.5-1.5 1.65 0 3.35.3 4.75 1.05.1.05.15.05.25.05.25 0 .5-.25.5-.5V6c-.6-.45-1.25-.75-2-1zm0 13.5c-1.1-.35-2.3-.5-3.5-.5-1.7 0-4.15.65-5.5 1.5V8c1.35-.85 3.8-1.5 5.5-1.5 1.2 0 2.4.15 3.5.5v11.5z"
            />
            <path
              d="M17.5 10.5c.88 0 1.73.09 2.5.26V9.24c-.79-.15-1.64-.24-2.5-.24-1.7 0-3.24.29-4.5.83v1.66c1.13-.64 2.7-.99 4.5-.99zM13 12.49v1.66c1.13-.64 2.7-.99 4.5-.99.88 0 1.73.09 2.5.26V11.9c-.79-.15-1.64-.24-2.5-.24-1.7 0-3.24.3-4.5.83zm4.5 1.84c-1.7 0-3.24.29-4.5.83v1.66c1.13-.64 2.7-.99 4.5-.99.88 0 1.73.09 2.5.26v-1.52c-.79-.16-1.64-.24-2.5-.24z"
            />
          </svg>
          <p
            className="MuiTypography-root MuiTypography-body1 css-15qkxzc-MuiTypography-root"
          >
            commissionPackagesPage.addEditCommissionPackage.form.pspdata
          </p>
          
        </div>
        <div
          className="MuiGrid-root MuiGrid-container css-11lq3yg-MuiGrid-root"
        >
          <div
            className="MuiGrid-root MuiGrid-item MuiGrid-grid-xs-6 css-1wt95m3-MuiGrid-root"
          >
            <div
              aria-owns={null}
              className="MuiAutocomplete-root MuiAutocomplete-fullWidth MuiAutocomplete-hasPopupIcon css-eozd4h-MuiAutocomplete-root"
              data-testid="broker-code-test"
              onClick={[Function]}
              onKeyDown={[Function]}
              onMouseDown={[Function]}
            >
              <div
                className="MuiFormControl-root MuiFormControl-fullWidth MuiTextField-root css-1tc5rj3-MuiFormControl-root-MuiTextField-root"
              >
                <label
                  className="MuiInputLabel-root MuiInputLabel-formControl MuiInputLabel-animated MuiInputLabel-outlined MuiFormLabel-root MuiFormLabel-colorPrimary Mui-disabled css-1t8z5a8-MuiFormLabel-root-MuiInputLabel-root"
                  data-shrink={false}
                  htmlFor="brokerCodes"
                  id="brokerCodes-label"
                >
                  commissionPackagesPage.addEditCommissionPackage.form.brokerCode
                </label>
                <div
                  className="MuiOutlinedInput-root MuiInputBase-root MuiInputBase-colorPrimary Mui-disabled MuiInputBase-fullWidth MuiInputBase-formControl MuiInputBase-adornedEnd MuiAutocomplete-inputRoot css-8ym2sy-MuiInputBase-root-MuiOutlinedInput-root"
                  onClick={[Function]}
                >
                  <input
                    aria-activedescendant={null}
                    aria-autocomplete="list"
                    aria-expanded={false}
                    aria-invalid={false}
                    autoCapitalize="none"
                    autoComplete="off"
                    autoFocus={false}
                    className="MuiOutlinedInput-input MuiInputBase-input Mui-disabled MuiInputBase-inputAdornedEnd MuiAutocomplete-input MuiAutocomplete-inputFocused css-177og1b-MuiInputBase-input-MuiOutlinedInput-input"
                    disabled={true}
                    id="brokerCodes"
                    onAnimationStart={[Function]}
                    onBlur={[Function]}
                    onChange={[Function]}
                    onFocus={[Function]}
                    onMouseDown={[Function]}
                    readOnly={false}
                    required={false}
                    role="combobox"
                    spellCheck="false"
                    type="text"
                    value=""
                  />
                  <div
                    className="MuiAutocomplete-endAdornment css-1q60rmi-MuiAutocomplete-endAdornment"
                  >
                    <button
                      aria-label="Open"
                      className="MuiButtonBase-root Mui-disabled MuiIconButton-root Mui-disabled MuiIconButton-sizeMedium MuiAutocomplete-popupIndicator css-ljxwd8-MuiButtonBase-root-MuiIconButton-root-MuiAutocomplete-popupIndicator"
                      disabled={true}
                      onBlur={[Function]}
                      onClick={[Function]}
                      onContextMenu={[Function]}
                      onDragLeave={[Function]}
                      onFocus={[Function]}
                      onKeyDown={[Function]}
                      onKeyUp={[Function]}
                      onMouseDown={[Function]}
                      onMouseLeave={[Function]}
                      onMouseUp={[Function]}
                      onTouchEnd={[Function]}
                      onTouchMove={[Function]}
                      onTouchStart={[Function]}
                      tabIndex={-1}
                      title="Open"
                      type="button"
                    >
                      <svg
                        aria-hidden={true}
                        className="MuiSvgIcon-root MuiSvgIcon-fontSizeMedium css-1jxdcj3-MuiSvgIcon-root"
                        data-testid="ArrowDropDownIcon"
                        focusable="false"
                        viewBox="0 0 24 24"
                      >
                        <path
                          d="M7 10l5 5 5-5z"
                        />
                      </svg>
                    </button>
                  </div>
                  <fieldset
                    aria-hidden={true}
                    className="MuiOutlinedInput-notchedOutline css-1d3z3hw-MuiOutlinedInput-notchedOutline"
                  >
                    <legend
                      className="css-1ftyaf0"
                    >
                      <span>
                        commissionPackagesPage.addEditCommissionPackage.form.brokerCode
                      </span>
                    </legend>
                  </fieldset>
                </div>
              </div>
            </div>
          </div>
          <div
            className="MuiGrid-root MuiGrid-item MuiGrid-grid-xs-6 css-1wt95m3-MuiGrid-root"
          >
            <div
              aria-owns={null}
              className="MuiAutocomplete-root MuiAutocomplete-fullWidth MuiAutocomplete-hasPopupIcon css-eozd4h-MuiAutocomplete-root"
              data-testid="channels-id-test"
              onClick={[Function]}
              onKeyDown={[Function]}
              onMouseDown={[Function]}
            >
              <div
                className="MuiFormControl-root MuiFormControl-fullWidth MuiTextField-root css-1tc5rj3-MuiFormControl-root-MuiTextField-root"
              >
                <label
                  className="MuiInputLabel-root MuiInputLabel-formControl MuiInputLabel-animated MuiInputLabel-outlined MuiFormLabel-root MuiFormLabel-colorPrimary Mui-disabled css-1t8z5a8-MuiFormLabel-root-MuiInputLabel-root"
                  data-shrink={false}
                  htmlFor="idChannel"
                  id="idChannel-label"
                >
                  commissionPackagesPage.addEditCommissionPackage.form.channelCode
                </label>
                <div
                  className="MuiOutlinedInput-root MuiInputBase-root MuiInputBase-colorPrimary Mui-disabled MuiInputBase-fullWidth MuiInputBase-formControl MuiInputBase-adornedEnd MuiAutocomplete-inputRoot css-8ym2sy-MuiInputBase-root-MuiOutlinedInput-root"
                  onClick={[Function]}
                >
                  <input
                    aria-activedescendant={null}
                    aria-autocomplete="list"
                    aria-expanded={false}
                    aria-invalid={false}
                    autoCapitalize="none"
                    autoComplete="off"
                    autoFocus={false}
                    className="MuiOutlinedInput-input MuiInputBase-input Mui-disabled MuiInputBase-inputAdornedEnd MuiAutocomplete-input MuiAutocomplete-inputFocused css-177og1b-MuiInputBase-input-MuiOutlinedInput-input"
                    disabled={true}
                    id="idChannel"
                    onAnimationStart={[Function]}
                    onBlur={[Function]}
                    onChange={[Function]}
                    onFocus={[Function]}
                    onMouseDown={[Function]}
                    readOnly={false}
                    required={false}
                    role="combobox"
                    spellCheck="false"
                    type="text"
                    value=""
                  />
                  <div
                    className="MuiAutocomplete-endAdornment css-1q60rmi-MuiAutocomplete-endAdornment"
                  >
                    <button
                      aria-label="Open"
                      className="MuiButtonBase-root Mui-disabled MuiIconButton-root Mui-disabled MuiIconButton-sizeMedium MuiAutocomplete-popupIndicator css-ljxwd8-MuiButtonBase-root-MuiIconButton-root-MuiAutocomplete-popupIndicator"
                      disabled={true}
                      onBlur={[Function]}
                      onClick={[Function]}
                      onContextMenu={[Function]}
                      onDragLeave={[Function]}
                      onFocus={[Function]}
                      onKeyDown={[Function]}
                      onKeyUp={[Function]}
                      onMouseDown={[Function]}
                      onMouseLeave={[Function]}
                      onMouseUp={[Function]}
                      onTouchEnd={[Function]}
                      onTouchMove={[Function]}
                      onTouchStart={[Function]}
                      tabIndex={-1}
                      title="Open"
                      type="button"
                    >
                      <svg
                        aria-hidden={true}
                        className="MuiSvgIcon-root MuiSvgIcon-fontSizeMedium css-1jxdcj3-MuiSvgIcon-root"
                        data-testid="ArrowDropDownIcon"
                        focusable="false"
                        viewBox="0 0 24 24"
                      >
                        <path
                          d="M7 10l5 5 5-5z"
                        />
                      </svg>
                    </button>
                  </div>
                  <fieldset
                    aria-hidden={true}
                    className="MuiOutlinedInput-notchedOutline css-1d3z3hw-MuiOutlinedInput-notchedOutline"
                  >
                    <legend
                      className="css-1ftyaf0"
                    >
                      <span>
                        commissionPackagesPage.addEditCommissionPackage.form.channelCode
                      </span>
                    </legend>
                  </fieldset>
                </div>
              </div>
            </div>
          </div>
        </div>
      </div>
      <div
        className="MuiBox-root css-gc0vso"
      >
        <div
          className="css-1hkttla-MuiStack-root"
        >
          <svg
            aria-hidden={true}
            className="MuiSvgIcon-root MuiSvgIcon-fontSizeMedium css-1jxdcj3-MuiSvgIcon-root"
            data-testid="BookmarkAddIcon"
            focusable="false"
            viewBox="0 0 24 24"
          >
            <path
              d="M21 7h-2v2h-2V7h-2V5h2V3h2v2h2v2zm-2 14-7-3-7 3V5c0-1.1.9-2 2-2h7c-.63.84-1 1.87-1 3 0 2.76 2.24 5 5 5 .34 0 .68-.03 1-.1V21z"
            />
          </svg>
          <p
            className="MuiTypography-root MuiTypography-body1 css-15qkxzc-MuiTypography-root"
          >
            commissionPackagesPage.addEditCommissionPackage.form.digitalStamp
          </p>
          
        </div>
        <div
          className="MuiGrid-root MuiGrid-container MuiGrid-spacing-xs-2 css-5sfu98-MuiGrid-root"
        >
          <div
            className="MuiGrid-root MuiGrid-item MuiGrid-grid-xs-12 css-ch12pe-MuiGrid-root"
          >
            <div
              className="MuiFormControl-root css-1nrlq1o-MuiFormControl-root"
            >
              <label
                className="MuiFormLabel-root MuiFormLabel-colorPrimary css-t8tbhh-MuiFormLabel-root"
              >
                commissionPackagesPage.addEditCommissionPackage.form.paymentWithDigitalStamp
              </label>
              <div
                aria-labelledby="demo-radio-buttons-group-label"
                className="MuiFormGroup-root MuiFormGroup-row css-12p96ej-MuiFormGroup-root"
                data-testid="digital-stamp-test"
                role="radiogroup"
              >
                <label
                  className="MuiFormControlLabel-root MuiFormControlLabel-labelPlacementEnd css-fnkiuu-MuiFormControlLabel-root"
                >
                  <span
                    className="MuiRadio-root MuiRadio-colorPrimary MuiButtonBase-root MuiRadio-root MuiRadio-colorPrimary PrivateSwitchBase-root Mui-checked css-13m4cyw-MuiButtonBase-root-MuiRadio-root"
                    onBlur={[Function]}
                    onContextMenu={[Function]}
                    onDragLeave={[Function]}
                    onFocus={[Function]}
                    onKeyDown={[Function]}
                    onKeyUp={[Function]}
                    onMouseDown={[Function]}
                    onMouseLeave={[Function]}
                    onMouseUp={[Function]}
                    onTouchEnd={[Function]}
                    onTouchMove={[Function]}
                    onTouchStart={[Function]}
                    tabIndex={null}
                  >
                    <input
                      checked={true}
                      className="PrivateSwitchBase-input css-1m9pwf3"
                      disabled={false}
                      name="digitalStamp"
                      onChange={[Function]}
                      type="radio"
                      value={false}
                    />
                    <span
                      className="css-hyxlzm"
                    >
                      <svg
                        aria-hidden={true}
                        className="MuiSvgIcon-root MuiSvgIcon-fontSizeMedium css-1ae958b-MuiSvgIcon-root"
                        data-testid="RadioButtonUncheckedIcon"
                        focusable="false"
                        viewBox="0 0 24 24"
                      >
                        <path
                          d="M12 2C6.48 2 2 6.48 2 12s4.48 10 10 10 10-4.48 10-10S17.52 2 12 2zm0 18c-4.42 0-8-3.58-8-8s3.58-8 8-8 8 3.58 8 8-3.58 8-8 8z"
                        />
                      </svg>
                      <svg
                        aria-hidden={true}
                        className="MuiSvgIcon-root MuiSvgIcon-fontSizeMedium css-1m7o2of-MuiSvgIcon-root"
                        data-testid="RadioButtonCheckedIcon"
                        focusable="false"
                        viewBox="0 0 24 24"
                      >
                        <path
                          d="M8.465 8.465C9.37 7.56 10.62 7 12 7C14.76 7 17 9.24 17 12C17 13.38 16.44 14.63 15.535 15.535C14.63 16.44 13.38 17 12 17C9.24 17 7 14.76 7 12C7 10.62 7.56 9.37 8.465 8.465Z"
                        />
                      </svg>
                    </span>
                    <span
                      className="MuiTouchRipple-root css-8je8zh-MuiTouchRipple-root"
                    />
                  </span>
                  <span
                    className="MuiTypography-root MuiTypography-body1 MuiFormControlLabel-label css-11o4oo8-MuiTypography-root"
                  >
                    commissionPackagesPage.addEditCommissionPackage.form.no
                  </span>
                </label>
                <label
                  className="MuiFormControlLabel-root MuiFormControlLabel-labelPlacementEnd css-1mla0as-MuiFormControlLabel-root"
                >
                  <span
                    className="MuiRadio-root MuiRadio-colorPrimary MuiButtonBase-root MuiRadio-root MuiRadio-colorPrimary PrivateSwitchBase-root css-13m4cyw-MuiButtonBase-root-MuiRadio-root"
                    onBlur={[Function]}
                    onContextMenu={[Function]}
                    onDragLeave={[Function]}
                    onFocus={[Function]}
                    onKeyDown={[Function]}
                    onKeyUp={[Function]}
                    onMouseDown={[Function]}
                    onMouseLeave={[Function]}
                    onMouseUp={[Function]}
                    onTouchEnd={[Function]}
                    onTouchMove={[Function]}
                    onTouchStart={[Function]}
                    tabIndex={null}
                  >
                    <input
                      checked={false}
                      className="PrivateSwitchBase-input css-1m9pwf3"
                      disabled={false}
                      name="digitalStamp"
                      onChange={[Function]}
                      type="radio"
                      value={true}
                    />
                    <span
                      className="css-hyxlzm"
                    >
                      <svg
                        aria-hidden={true}
                        className="MuiSvgIcon-root MuiSvgIcon-fontSizeMedium css-1ae958b-MuiSvgIcon-root"
                        data-testid="RadioButtonUncheckedIcon"
                        focusable="false"
                        viewBox="0 0 24 24"
                      >
                        <path
                          d="M12 2C6.48 2 2 6.48 2 12s4.48 10 10 10 10-4.48 10-10S17.52 2 12 2zm0 18c-4.42 0-8-3.58-8-8s3.58-8 8-8 8 3.58 8 8-3.58 8-8 8z"
                        />
                      </svg>
                      <svg
                        aria-hidden={true}
                        className="MuiSvgIcon-root MuiSvgIcon-fontSizeMedium css-6oje6m-MuiSvgIcon-root"
                        data-testid="RadioButtonCheckedIcon"
                        focusable="false"
                        viewBox="0 0 24 24"
                      >
                        <path
                          d="M8.465 8.465C9.37 7.56 10.62 7 12 7C14.76 7 17 9.24 17 12C17 13.38 16.44 14.63 15.535 15.535C14.63 16.44 13.38 17 12 17C9.24 17 7 14.76 7 12C7 10.62 7.56 9.37 8.465 8.465Z"
                        />
                      </svg>
                    </span>
                    <span
                      className="MuiTouchRipple-root css-8je8zh-MuiTouchRipple-root"
                    />
                  </span>
                  <span
                    className="MuiTypography-root MuiTypography-body1 MuiFormControlLabel-label css-11o4oo8-MuiTypography-root"
                  >
                    commissionPackagesPage.addEditCommissionPackage.form.yes
                  </span>
                </label>
              </div>
            </div>
          </div>
          <div
            className="MuiGrid-root MuiGrid-container MuiGrid-item MuiGrid-grid-xs-12 css-4zzr67-MuiGrid-root"
          >
            <div
              className="MuiFormControl-root css-1nrlq1o-MuiFormControl-root"
            >
              <label
                className="MuiFormLabel-root MuiFormLabel-colorPrimary css-t8tbhh-MuiFormLabel-root"
              >
                commissionPackagesPage.addEditCommissionPackage.form.paymentOnlyDigitalStamp
              </label>
              <div
                aria-labelledby="demo-radio-buttons-group-label"
                className="MuiFormGroup-root MuiFormGroup-row css-12p96ej-MuiFormGroup-root"
                data-testid="digital-stamp-restriction-test"
                role="radiogroup"
              >
                <label
                  className="MuiFormControlLabel-root MuiFormControlLabel-labelPlacementEnd css-fnkiuu-MuiFormControlLabel-root"
                >
                  <span
                    className="MuiRadio-root MuiRadio-colorPrimary MuiButtonBase-root MuiRadio-root MuiRadio-colorPrimary PrivateSwitchBase-root Mui-checked css-13m4cyw-MuiButtonBase-root-MuiRadio-root"
                    onBlur={[Function]}
                    onContextMenu={[Function]}
                    onDragLeave={[Function]}
                    onFocus={[Function]}
                    onKeyDown={[Function]}
                    onKeyUp={[Function]}
                    onMouseDown={[Function]}
                    onMouseLeave={[Function]}
                    onMouseUp={[Function]}
                    onTouchEnd={[Function]}
                    onTouchMove={[Function]}
                    onTouchStart={[Function]}
                    tabIndex={null}
                  >
                    <input
                      checked={true}
                      className="PrivateSwitchBase-input css-1m9pwf3"
                      disabled={false}
                      name="digitalStampRestriction"
                      onChange={[Function]}
                      type="radio"
                      value={false}
                    />
                    <span
                      className="css-hyxlzm"
                    >
                      <svg
                        aria-hidden={true}
                        className="MuiSvgIcon-root MuiSvgIcon-fontSizeMedium css-1ae958b-MuiSvgIcon-root"
                        data-testid="RadioButtonUncheckedIcon"
                        focusable="false"
                        viewBox="0 0 24 24"
                      >
                        <path
                          d="M12 2C6.48 2 2 6.48 2 12s4.48 10 10 10 10-4.48 10-10S17.52 2 12 2zm0 18c-4.42 0-8-3.58-8-8s3.58-8 8-8 8 3.58 8 8-3.58 8-8 8z"
                        />
                      </svg>
                      <svg
                        aria-hidden={true}
                        className="MuiSvgIcon-root MuiSvgIcon-fontSizeMedium css-1m7o2of-MuiSvgIcon-root"
                        data-testid="RadioButtonCheckedIcon"
                        focusable="false"
                        viewBox="0 0 24 24"
                      >
                        <path
                          d="M8.465 8.465C9.37 7.56 10.62 7 12 7C14.76 7 17 9.24 17 12C17 13.38 16.44 14.63 15.535 15.535C14.63 16.44 13.38 17 12 17C9.24 17 7 14.76 7 12C7 10.62 7.56 9.37 8.465 8.465Z"
                        />
                      </svg>
                    </span>
                    <span
                      className="MuiTouchRipple-root css-8je8zh-MuiTouchRipple-root"
                    />
                  </span>
                  <span
                    className="MuiTypography-root MuiTypography-body1 MuiFormControlLabel-label css-11o4oo8-MuiTypography-root"
                  >
                    commissionPackagesPage.addEditCommissionPackage.form.no
                  </span>
                </label>
                <label
                  className="MuiFormControlLabel-root MuiFormControlLabel-labelPlacementEnd css-1mla0as-MuiFormControlLabel-root"
                >
                  <span
                    className="MuiRadio-root MuiRadio-colorPrimary MuiButtonBase-root MuiRadio-root MuiRadio-colorPrimary PrivateSwitchBase-root css-13m4cyw-MuiButtonBase-root-MuiRadio-root"
                    onBlur={[Function]}
                    onContextMenu={[Function]}
                    onDragLeave={[Function]}
                    onFocus={[Function]}
                    onKeyDown={[Function]}
                    onKeyUp={[Function]}
                    onMouseDown={[Function]}
                    onMouseLeave={[Function]}
                    onMouseUp={[Function]}
                    onTouchEnd={[Function]}
                    onTouchMove={[Function]}
                    onTouchStart={[Function]}
                    tabIndex={null}
                  >
                    <input
                      checked={false}
                      className="PrivateSwitchBase-input css-1m9pwf3"
                      disabled={false}
                      name="digitalStampRestriction"
                      onChange={[Function]}
                      type="radio"
                      value={true}
                    />
                    <span
                      className="css-hyxlzm"
                    >
                      <svg
                        aria-hidden={true}
                        className="MuiSvgIcon-root MuiSvgIcon-fontSizeMedium css-1ae958b-MuiSvgIcon-root"
                        data-testid="RadioButtonUncheckedIcon"
                        focusable="false"
                        viewBox="0 0 24 24"
                      >
                        <path
                          d="M12 2C6.48 2 2 6.48 2 12s4.48 10 10 10 10-4.48 10-10S17.52 2 12 2zm0 18c-4.42 0-8-3.58-8-8s3.58-8 8-8 8 3.58 8 8-3.58 8-8 8z"
                        />
                      </svg>
                      <svg
                        aria-hidden={true}
                        className="MuiSvgIcon-root MuiSvgIcon-fontSizeMedium css-6oje6m-MuiSvgIcon-root"
                        data-testid="RadioButtonCheckedIcon"
                        focusable="false"
                        viewBox="0 0 24 24"
                      >
                        <path
                          d="M8.465 8.465C9.37 7.56 10.62 7 12 7C14.76 7 17 9.24 17 12C17 13.38 16.44 14.63 15.535 15.535C14.63 16.44 13.38 17 12 17C9.24 17 7 14.76 7 12C7 10.62 7.56 9.37 8.465 8.465Z"
                        />
                      </svg>
                    </span>
                    <span
                      className="MuiTouchRipple-root css-8je8zh-MuiTouchRipple-root"
                    />
                  </span>
                  <span
                    className="MuiTypography-root MuiTypography-body1 MuiFormControlLabel-label css-11o4oo8-MuiTypography-root"
                  >
                    commissionPackagesPage.addEditCommissionPackage.form.yes
                  </span>
                </label>
              </div>
            </div>
          </div>
        </div>
      </div>
      <div
        className="MuiBox-root css-gc0vso"
      >
        <div
          className="css-1hkttla-MuiStack-root"
        >
          <svg
            aria-hidden={true}
            className="MuiSvgIcon-root MuiSvgIcon-fontSizeMedium css-1jxdcj3-MuiSvgIcon-root"
            data-testid="DateRangeIcon"
            focusable="false"
            viewBox="0 0 24 24"
          >
            <path
              d="M9 11H7v2h2v-2zm4 0h-2v2h2v-2zm4 0h-2v2h2v-2zm2-7h-1V2h-2v2H8V2H6v2H5c-1.11 0-1.99.9-1.99 2L3 20c0 1.1.89 2 2 2h14c1.1 0 2-.9 2-2V6c0-1.1-.9-2-2-2zm0 16H5V9h14v11z"
            />
          </svg>
          <p
            className="MuiTypography-root MuiTypography-body1 css-15qkxzc-MuiTypography-root"
          >
            commissionPackagesPage.addEditCommissionPackage.form.validityPeriod
          </p>
          
        </div>
        <div
          className="MuiGrid-root MuiGrid-container MuiGrid-spacing-xs-2 css-5sfu98-MuiGrid-root"
        >
          <div
            className="MuiGrid-root MuiGrid-item MuiGrid-grid-xs-3 css-1d1n3q7-MuiGrid-root"
          >
            <div
              className="MuiFormControl-root MuiTextField-root css-1u3bzj6-MuiFormControl-root-MuiTextField-root"
            >
              <label
                className="MuiInputLabel-root MuiInputLabel-formControl MuiInputLabel-animated MuiInputLabel-sizeSmall MuiInputLabel-outlined MuiFormLabel-root MuiFormLabel-colorPrimary css-gr3956-MuiFormLabel-root-MuiInputLabel-root"
                data-shrink={false}
                htmlFor="validityDateFrom"
                id="validityDateFrom-label"
              >
                commissionPackagesPage.addEditCommissionPackage.form.from
              </label>
              <div
                className="MuiOutlinedInput-root MuiInputBase-root MuiInputBase-colorPrimary MuiInputBase-formControl MuiInputBase-sizeSmall MuiInputBase-adornedEnd css-yzb1rf-MuiInputBase-root-MuiOutlinedInput-root"
                onClick={[Function]}
              >
                <input
                  aria-invalid={false}
                  autoFocus={false}
                  className="MuiOutlinedInput-input MuiInputBase-input MuiInputBase-inputSizeSmall MuiInputBase-inputAdornedEnd css-uxior2-MuiInputBase-input-MuiOutlinedInput-input"
                  data-testid="from-date-test"
                  id="validityDateFrom"
                  name="validityDateFrom"
                  onAnimationStart={[Function]}
                  onBlur={[Function]}
                  onChange={[Function]}
                  onFocus={[Function]}
                  placeholder="dd/MM/aaaa"
                  required={false}
                  type="tel"
                  value="27/10/2050"
                />
                <div
                  className="MuiInputAdornment-root MuiInputAdornment-positionEnd MuiInputAdornment-outlined MuiInputAdornment-sizeSmall css-1fj3zr5-MuiInputAdornment-root"
                >
                  <button
                    aria-label="Choose date, selected date is Oct 27, 2050"
                    className="MuiButtonBase-root MuiIconButton-root MuiIconButton-edgeEnd MuiIconButton-sizeMedium css-1tsgf0l-MuiButtonBase-root-MuiIconButton-root"
                    disabled={false}
                    onBlur={[Function]}
                    onClick={[Function]}
                    onContextMenu={[Function]}
                    onDragLeave={[Function]}
                    onFocus={[Function]}
                    onKeyDown={[Function]}
                    onKeyUp={[Function]}
                    onMouseDown={[Function]}
                    onMouseLeave={[Function]}
                    onMouseUp={[Function]}
                    onTouchEnd={[Function]}
                    onTouchMove={[Function]}
                    onTouchStart={[Function]}
                    tabIndex={0}
                    type="button"
                  >
                    <svg
                      aria-hidden={true}
                      className="MuiSvgIcon-root MuiSvgIcon-fontSizeMedium css-1jxdcj3-MuiSvgIcon-root"
                      data-testid="CalendarIcon"
                      focusable="false"
                      viewBox="0 0 24 24"
                    >
                      <path
                        d="M17 12h-5v5h5v-5zM16 1v2H8V1H6v2H5c-1.11 0-1.99.9-1.99 2L3 19c0 1.1.89 2 2 2h14c1.1 0 2-.9 2-2V5c0-1.1-.9-2-2-2h-1V1h-2zm3 18H5V8h14v11z"
                      />
                    </svg>
                  </button>
                </div>
                <fieldset
                  aria-hidden={true}
                  className="MuiOutlinedInput-notchedOutline css-1d3z3hw-MuiOutlinedInput-notchedOutline"
                >
                  <legend
                    className="css-1ftyaf0"
                  >
                    <span>
                      commissionPackagesPage.addEditCommissionPackage.form.from
                    </span>
                  </legend>
                </fieldset>
              </div>
            </div>
          </div>
          <div
            className="MuiGrid-root MuiGrid-container MuiGrid-item MuiGrid-grid-xs-3 css-v40xeo-MuiGrid-root"
          >
            <div
              className="MuiFormControl-root MuiTextField-root css-1u3bzj6-MuiFormControl-root-MuiTextField-root"
            >
              <label
                className="MuiInputLabel-root MuiInputLabel-formControl MuiInputLabel-animated MuiInputLabel-sizeSmall MuiInputLabel-outlined MuiFormLabel-root MuiFormLabel-colorPrimary css-gr3956-MuiFormLabel-root-MuiInputLabel-root"
                data-shrink={false}
                htmlFor="validityDateTo"
                id="validityDateTo-label"
              >
                commissionPackagesPage.addEditCommissionPackage.form.to
              </label>
              <div
                className="MuiOutlinedInput-root MuiInputBase-root MuiInputBase-colorPrimary MuiInputBase-formControl MuiInputBase-sizeSmall MuiInputBase-adornedEnd css-yzb1rf-MuiInputBase-root-MuiOutlinedInput-root"
                onClick={[Function]}
              >
                <input
                  aria-invalid={false}
                  autoFocus={false}
                  className="MuiOutlinedInput-input MuiInputBase-input MuiInputBase-inputSizeSmall MuiInputBase-inputAdornedEnd css-uxior2-MuiInputBase-input-MuiOutlinedInput-input"
                  data-testid="to-date-test"
                  id="validityDateTo"
                  name="validityDateTo"
                  onAnimationStart={[Function]}
                  onBlur={[Function]}
                  onChange={[Function]}
                  onFocus={[Function]}
                  placeholder="dd/MM/aaaa"
                  required={false}
                  type="tel"
                  value="27/10/2050"
                />
                <div
                  className="MuiInputAdornment-root MuiInputAdornment-positionEnd MuiInputAdornment-outlined MuiInputAdornment-sizeSmall css-1fj3zr5-MuiInputAdornment-root"
                >
                  <button
                    aria-label="Choose date, selected date is Oct 27, 2050"
                    className="MuiButtonBase-root MuiIconButton-root MuiIconButton-edgeEnd MuiIconButton-sizeMedium css-1tsgf0l-MuiButtonBase-root-MuiIconButton-root"
                    disabled={false}
                    onBlur={[Function]}
                    onClick={[Function]}
                    onContextMenu={[Function]}
                    onDragLeave={[Function]}
                    onFocus={[Function]}
                    onKeyDown={[Function]}
                    onKeyUp={[Function]}
                    onMouseDown={[Function]}
                    onMouseLeave={[Function]}
                    onMouseUp={[Function]}
                    onTouchEnd={[Function]}
                    onTouchMove={[Function]}
                    onTouchStart={[Function]}
                    tabIndex={0}
                    type="button"
                  >
                    <svg
                      aria-hidden={true}
                      className="MuiSvgIcon-root MuiSvgIcon-fontSizeMedium css-1jxdcj3-MuiSvgIcon-root"
                      data-testid="CalendarIcon"
                      focusable="false"
                      viewBox="0 0 24 24"
                    >
                      <path
                        d="M17 12h-5v5h5v-5zM16 1v2H8V1H6v2H5c-1.11 0-1.99.9-1.99 2L3 19c0 1.1.89 2 2 2h14c1.1 0 2-.9 2-2V5c0-1.1-.9-2-2-2h-1V1h-2zm3 18H5V8h14v11z"
                      />
                    </svg>
                  </button>
                </div>
                <fieldset
                  aria-hidden={true}
                  className="MuiOutlinedInput-notchedOutline css-1d3z3hw-MuiOutlinedInput-notchedOutline"
                >
                  <legend
                    className="css-1ftyaf0"
                  >
                    <span>
                      commissionPackagesPage.addEditCommissionPackage.form.to
                    </span>
                  </legend>
                </fieldset>
              </div>
            </div>
          </div>
        </div>
      </div>
    </div>
  </div>,
  <div
    className="css-rxkzdk-MuiStack-root"
  >
    <div
      className="css-umjgix-MuiStack-root"
    >
      <button
        className="MuiButton-root MuiButton-outlined MuiButton-outlinedPrimary MuiButton-sizeMedium MuiButton-outlinedSizeMedium MuiButton-disableElevation MuiButtonBase-root  css-19ja3ml-MuiButtonBase-root-MuiButton-root"
        data-testid="cancel-button-test"
        disabled={false}
        onBlur={[Function]}
        onClick={[Function]}
        onContextMenu={[Function]}
        onDragLeave={[Function]}
        onFocus={[Function]}
        onKeyDown={[Function]}
        onKeyUp={[Function]}
        onMouseDown={[Function]}
        onMouseLeave={[Function]}
        onMouseUp={[Function]}
        onTouchEnd={[Function]}
        onTouchMove={[Function]}
        onTouchStart={[Function]}
        tabIndex={0}
        type="button"
      >
        addEditStationPage.addForm.backButton
        <span
          className="MuiTouchRipple-root css-8je8zh-MuiTouchRipple-root"
        />
      </button>
    </div>
    <div
      className="css-xgs359-MuiStack-root"
    >
      <button
        className="MuiButton-root MuiButton-contained MuiButton-containedPrimary MuiButton-sizeMedium MuiButton-containedSizeMedium MuiButton-disableElevation MuiButtonBase-root Mui-disabled  css-1ft2xoq-MuiButtonBase-root-MuiButton-root"
        data-testid="confirm-button-test"
        disabled={true}
        onBlur={[Function]}
        onClick={[Function]}
        onContextMenu={[Function]}
        onDragLeave={[Function]}
        onFocus={[Function]}
        onKeyDown={[Function]}
        onKeyUp={[Function]}
        onMouseDown={[Function]}
        onMouseLeave={[Function]}
        onMouseUp={[Function]}
        onTouchEnd={[Function]}
        onTouchMove={[Function]}
        onTouchStart={[Function]}
        tabIndex={-1}
        type="submit"
      >
        commissionPackagesPage.addEditCommissionPackage.form.confirmButton
      </button>
    </div>
  </div>,
]
`;
